01.02.2026 - 11:18:56 - [TAB v4.1.4] Blocked attempt to add player hnhghecff into team 2147483647hnhghecff        (expected team: 6hnhghecffA)
01.02.2026 - 11:20:47 - [TAB v4.1.4] Blocked attempt to add player Arsen into team 2147483647Arsen            (expected team: 6ArsenA)
01.02.2026 - 11:21:06 - [TAB v4.1.4] Blocked attempt to add player venom into team 2147483647venom            (expected team: 6venomA)
01.02.2026 - 11:22:07 - [TAB v4.1.4] Blocked attempt to add player ermak into team 2147483647ermak            (expected team: 6ermakA)
01.02.2026 - 11:22:17 - [TAB v4.1.4] Blocked attempt to add player venom into team 2147483647venom            (expected team: 6venomA)
01.02.2026 - 11:25:25 - [TAB v4.1.4] Blocked attempt to add player qwerty into team 2147483647qwerty           (expected team: 6qwertyA)
01.02.2026 - 11:25:57 - [TAB v4.1.4] Blocked attempt to add player venom into team 2147483647venom            (expected team: 6venomA)
01.02.2026 - 11:25:57 - [TAB v4.1.4] Blocked attempt to add player Borat into team 2147483647Borat            (expected team: 6BoratA)
01.02.2026 - 11:26:42 - [TAB v4.1.4] Blocked attempt to add player nettron0 into team 2147483647nettron0         (expected team: 6nettron0A)
08.02.2026 - 10:01:56 - [TAB v4.1.4] Blocked attempt to add player nettron0 into team 2147483647nettron0         (expected team: 6nettron0A)
08.02.2026 - 10:02:52 - [TAB v4.1.4] Blocked attempt to add player hnhghecff into team 2147483647hnhghecff        (expected team: 6hnhghecffA)
08.02.2026 - 10:06:59 - [TAB v4.1.4] Blocked attempt to add player 436436gfghfghfgh into team 2147483647436436gfghfghfgh (expected team: 6436436gfghfghfA)
08.02.2026 - 10:12:21 - [TAB v4.1.4] Blocked attempt to add player lololo into team 2147483647lololo           (expected team: 6lololoA)
08.02.2026 - 10:12:43 - [TAB v4.1.4] Blocked attempt to add player trollface into team 2147483647trollface        (expected team: 6trollfaceA)
08.02.2026 - 10:15:55 - [TAB v4.1.4] Blocked attempt to add player lololo into team 2147483647lololo           (expected team: 6lololoA)
08.02.2026 - 10:17:03 - [TAB v4.1.4] Blocked attempt to add player trollface into team 2147483647trollface        (expected team: 6trollfaceA)
08.02.2026 - 10:17:06 - [TAB v4.1.4] Blocked attempt to add player lololo into team 2147483647lololo           (expected team: 6lololoA)
08.02.2026 - 10:18:26 - [TAB v4.1.4] Blocked attempt to add player Trapman into team 2147483647Trapman          (expected team: 6TrapmanA)
08.02.2026 - 11:09:43 - [TAB v4.1.4] Blocked attempt to add player Arsen into team 2147483647Arsen            (expected team: 6ArsenA)
08.02.2026 - 11:10:33 - [TAB v4.1.4] Blocked attempt to add player Borat into team 2147483647Borat            (expected team: 6BoratA)
08.02.2026 - 11:10:46 - [TAB v4.1.4] Blocked attempt to add player hnhghecff into team 2147483647hnhghecff        (expected team: 6hnhghecffA)
08.02.2026 - 11:11:05 - [TAB v4.1.4] Blocked attempt to add player trollface into team 2147483647trollface        (expected team: 6trollfaceA)
08.02.2026 - 11:11:21 - [TAB v4.1.4] Blocked attempt to add player fikqui into team 2147483647fikqui           (expected team: 6fikquiA)
08.02.2026 - 11:11:40 - [TAB v4.1.4] Blocked attempt to add player Borat into team 2147483647Borat            (expected team: 6BoratA)
08.02.2026 - 11:17:26 - [TAB v4.1.4] Blocked attempt to add player venom into team 2147483647venom            (expected team: 6venomA)
08.02.2026 - 11:19:05 - [TAB v4.1.4] Blocked attempt to add player Trapman into team 2147483647Trapman          (expected team: 6TrapmanA)
08.02.2026 - 11:19:12 - [TAB v4.1.4] Blocked attempt to add player trollface into team 2147483647trollface        (expected team: 6trollfaceA)
08.02.2026 - 11:19:44 - [TAB v4.1.4] Blocked attempt to add player venom into team 2147483647venom            (expected team: 6venomA)
08.02.2026 - 11:25:01 - [TAB v4.1.4] Blocked attempt to add player nettron0 into team 2147483647nettron0         (expected team: 6nettron0A)
08.02.2026 - 11:26:15 - [TAB v4.1.4] Blocked attempt to add player Golub4ik into team 2147483647Golub4ik         (expected team: 6Golub4ikA)
08.02.2026 - 12:03:52 - [TAB v4.1.4] Blocked attempt to add player trollface into team 2147483647trollface        (expected team: 6trollfaceA)
08.02.2026 - 12:04:36 - [TAB v4.1.4] Blocked attempt to add player fikqui into team 2147483647fikqui           (expected team: 6fikquiA)
08.02.2026 - 12:05:00 - [TAB v4.1.4] Blocked attempt to add player trollface into team 2147483647trollface        (expected team: 6trollfaceA)
08.02.2026 - 12:17:55 - [TAB v4.1.4] Blocked attempt to add player Trapman into team 2147483647Trapman          (expected team: 6TrapmanA)
08.02.2026 - 12:18:38 - [TAB v4.1.4] Blocked attempt to add player trollface into team 2147483647trollface        (expected team: 6trollfaceA)
